cached research/spreadcache_call.parquet
cached research/spreadcache_put.parquet

====================================================================================
SHORT CALL SPREAD (bearish credit)
====================================================================================
  thresh        2h       EOD        2d        5d     t(5d)  dropped
  none     -18.59%   -20.34%   -23.11%   -28.03%     -9.03        0
  1.00     -18.64%   -20.41%   -23.20%   -28.14%     -9.04      474
  0.50      -6.86%    -8.38%   -11.10%   -16.93%     -6.71    3,004
  0.30      -5.35%    -6.89%    -9.71%   -15.41%     -6.31    4,579
  0.25      -5.32%    -6.86%    -9.67%   -15.35%     -6.30    4,818
  0.15      -5.25%    -6.81%    -9.65%   -15.24%     -6.27    6,745

====================================================================================
BULL PUT SPREAD (bullish credit)
====================================================================================
  thresh        2h       EOD        2d        5d     t(5d)  dropped
Traceback (most recent call last):
  File "<string>", line 29, in <module>
    v['drift'] = (v['spot_' + label] - v.k1).abs() / v['spot_' + label]
                                       ^^^^
  File "C:\Users\abhiramnarla\AppData\Local\Packages\PythonSoftwareFoundation.Python.3.13_qbz5n2kfra8p0\LocalCache\local-packages\Python313\site-packages\pandas\core\generic.py", line 6321, in __getattr__
    return object.__getattribute__(self, name)
           ~~~~~~~~~~~~~~~~~~~~~~~^^^^^^^^^^^^
AttributeError: 'DataFrame' object has no attribute 'k1'
