1,737,572 equity bars (189 symbols), 1,747,266 ATM option bars (189 symbols)
112,505 candidate entries built
  ORB 2,333   control 110,172   189 symbols, 366 sessions
  median premium Rs21.4 = 2.30% of spot, median 5 bars held to bell

====================================================================================================
OPENING-RANGE BREAKOUT + volume, ATM, intraday, 5p tick
====================================================================================================
  exit                    n      mean    median     win%    t(day)  per-sess
  hold to bell        2,184    +3.08%    +0.43%    51.2%    +1.49    +0.79%
  stop 10% only       2,184    -1.99%   -10.64%    30.3%    -3.65    -4.49%
  NIFTY 10/7/7        2,184    +6.57%    +1.36%    56.5%    +5.09    +2.86%
  10/7/15             2,184    +3.57%    -3.60%    39.7%    +2.93    -0.90%
  15/10/10            2,184    +5.29%    +1.41%    56.1%    +4.32    +1.77%
  20/10/15            2,184    +3.87%    -0.47%    48.5%    +3.19    +0.32%
  20/15/20            2,184    +2.44%    -1.00%    46.1%    +2.13    -0.63%
  25/15/25            2,184    +2.05%    -1.21%    46.3%    +2.00    -0.72%
  30/20/30            2,184    +2.19%    -0.56%    48.2%    +2.17    -0.32%
  40/25/40            2,184    +2.36%    -0.18%    49.4%    +2.46    +0.30%
  50/30/50            2,184    +2.82%    +0.30%    50.8%    +2.60    +0.79%

  best mean: NIFTY 10/7/7 at +6.57% (t +5.09). Multiple of capital: 1.066x

====================================================================================================
ANY-BAR CONTROL -- same contract, same session, same exits
====================================================================================================
  exit                    n      mean    median     win%    t(day)  per-sess
  hold to bell       96,304    -2.70%    -3.18%    36.9%    -1.35    -2.45%
  stop 10% only      96,304    -4.39%   -10.61%    23.6%   -41.18    -4.38%
  NIFTY 10/7/7       96,304    -0.61%    -4.46%    37.9%    -3.98    -1.41%
  10/7/15            96,304    -2.12%    -6.88%    29.0%   -11.23    -3.03%
  15/10/10           96,304    -1.24%    -2.77%    40.3%    -6.96    -2.04%
  20/10/15           96,304    -2.09%    -3.18%    36.6%   -11.36    -2.60%
  20/15/20           96,304    -2.78%    -3.73%    35.1%   -14.49    -3.11%
  25/15/25           96,304    -3.04%    -3.77%    35.1%   -15.66    -3.27%
  30/20/30           96,304    -3.06%    -3.45%    36.1%   -15.76    -2.91%
  40/25/40           96,304    -3.04%    -3.27%    36.6%   -15.06    -2.59%
  50/30/50           96,304    -2.98%    -3.17%    37.0%   -13.96    -2.46%

  best mean: NIFTY 10/7/7 at -0.61% (t -3.98). Multiple of capital: 0.994x

====================================================================================================
SLIPPAGE -- 5 paise is an INDEX assumption. Stock options are thinner,
and this column is what has killed every previous candidate.
====================================================================================================
  exit                 Rs0.05     Rs0.15     Rs0.25     Rs0.50
  hold to bell         +3.08%     +1.01%     -0.95%     -5.45%
  stop 10% only        -1.99%     -3.97%     -5.86%    -10.19%
  NIFTY 10/7/7         +6.57%     +4.43%     +2.39%     -2.27%
  10/7/15              +3.57%     +1.46%     -0.53%     -5.13%
  15/10/10             +5.29%     +3.16%     +1.14%     -3.50%
  20/10/15             +3.87%     +1.76%     -0.24%     -4.84%
  20/15/20             +2.44%     +0.34%     -1.64%     -6.20%
  25/15/25             +2.05%     -0.03%     -2.01%     -6.54%
  30/20/30             +2.19%     +0.11%     -1.87%     -6.41%
  40/25/40             +2.36%     +0.28%     -1.69%     -6.22%
  50/30/50             +2.82%     +0.74%     -1.24%     -5.77%

wrote stock_intraday.csv
