1,737,572 equity bars (189 symbols), 1,747,266 ATM option bars (189 symbols)
115,548 candidate entries built
  ORB 5,376   control 110,172   189 symbols, 366 sessions
  median premium Rs21.4 = 2.30% of spot, median 5 bars held to bell

====================================================================================================
OPENING-RANGE BREAKOUT + volume, ATM, intraday, 5p tick
====================================================================================================
  exit                    n      mean    median     win%    t(day)  per-sess
  hold to bell        5,131    -5.38%    -5.79%    32.6%    -3.39    -4.70%
  stop 10% only       5,131    -6.74%   -10.77%    15.7%   -32.35    -7.40%
  NIFTY 10/7/7        5,131    -2.01%   -10.64%    30.2%    -4.03    -4.23%
  10/7/15             5,131    -3.64%   -10.64%    20.6%    -7.26    -5.81%
  15/10/10            5,131    -3.65%   -11.02%    32.6%    -6.87    -5.25%
  20/10/15            5,131    -4.80%    -6.00%    29.1%    -9.05    -6.24%
  20/15/20            5,131    -5.75%    -8.13%    28.0%   -10.67    -6.84%
  25/15/25            5,131    -6.05%    -7.31%    28.2%   -11.27    -6.72%
  30/20/30            5,131    -6.15%    -6.73%    29.9%   -11.42    -5.92%
  40/25/40            5,131    -5.77%    -6.31%    31.6%    -9.80    -5.33%
  50/30/50            5,131    -5.70%    -5.95%    32.2%    -9.93    -4.93%

  best mean: NIFTY 10/7/7 at -2.01% (t -4.03). Multiple of capital: 0.980x

====================================================================================================
ANY-BAR CONTROL -- same contract, same session, same exits
====================================================================================================
  exit                    n      mean    median     win%    t(day)  per-sess
  hold to bell       96,304    -2.70%    -3.18%    36.9%    -1.35    -2.45%
  stop 10% only      96,304    -4.39%   -10.61%    23.6%   -41.18    -4.38%
  NIFTY 10/7/7       96,304    -0.61%    -4.46%    37.9%    -3.98    -1.41%
  10/7/15            96,304    -2.12%    -6.88%    29.0%   -11.23    -3.03%
  15/10/10           96,304    -1.24%    -2.77%    40.3%    -6.96    -2.04%
  20/10/15           96,304    -2.09%    -3.18%    36.6%   -11.36    -2.60%
  20/15/20           96,304    -2.78%    -3.73%    35.1%   -14.49    -3.11%
  25/15/25           96,304    -3.04%    -3.77%    35.1%   -15.66    -3.27%
  30/20/30           96,304    -3.06%    -3.45%    36.1%   -15.76    -2.91%
  40/25/40           96,304    -3.04%    -3.27%    36.6%   -15.06    -2.59%
  50/30/50           96,304    -2.98%    -3.17%    37.0%   -13.96    -2.46%

  best mean: NIFTY 10/7/7 at -0.61% (t -3.98). Multiple of capital: 0.994x

====================================================================================================
SLIPPAGE -- 5 paise is an INDEX assumption. Stock options are thinner,
and this column is what has killed every previous candidate.
====================================================================================================
  exit                 Rs0.05     Rs0.15     Rs0.25     Rs0.50
  hold to bell         -5.38%     -7.30%     -9.12%    -13.29%
  stop 10% only        -6.74%     -8.63%    -10.43%    -14.57%
  NIFTY 10/7/7         -2.01%     -3.99%     -5.87%    -10.19%
  10/7/15              -3.64%     -5.61%     -7.47%    -11.76%
  15/10/10             -3.65%     -5.62%     -7.49%    -11.78%
  20/10/15             -4.80%     -6.76%     -8.61%    -12.87%
  20/15/20             -5.75%     -7.69%     -9.53%    -13.77%
  25/15/25             -6.05%     -7.98%     -9.81%    -14.02%
  30/20/30             -6.15%     -8.08%     -9.90%    -14.11%
  40/25/40             -5.77%     -7.71%     -9.54%    -13.76%
  50/30/50             -5.70%     -7.63%     -9.47%    -13.69%

wrote stock_intraday.csv
